--------------------------------------------------------------------------------------
Timing Analyzer Summary
--------------------------------------------------------------------------------------

Type           : Worst-case tco
Slack          : N/A
Required Time  : None
Actual Time    : 6.686 ns
From           : control_unit:CU|status.completed
To             : DONE
From Clock     : CLOCK_50
To Clock       : --
Failed Paths   : 0

Type           : Worst-case tpd
Slack          : N/A
Required Time  : None
Actual Time    : 8.701 ns
From           : START
To             : DONE
From Clock     : --
To Clock       : --
Failed Paths   : 0

Type           : Clock Setup: 'CLOCK_50'
Slack          : N/A
Required Time  : None
Actual Time    : 105.40 MHz ( period = 9.488 ns )
From           : control_unit:CU|nextstatus.idle_380
To             : control_unit:CU|status.idle
From Clock     : CLOCK_50
To Clock       : CLOCK_50
Failed Paths   : 0

Type           : Clock Hold: 'CLOCK_50'
Slack          : Not operational: Clock Skew > Data Delay
Required Time  : None
Actual Time    : N/A
From           : control_unit:CU|status.idle
To             : control_unit:CU|nextstatus.store_371
From Clock     : CLOCK_50
To Clock       : CLOCK_50
Failed Paths   : 17

Type           : Total number of failed paths
Slack          : 
Required Time  : 
Actual Time    : 
From           : 
To             : 
From Clock     : 
To Clock       : 
Failed Paths   : 17

--------------------------------------------------------------------------------------

