------------------------------------------------------------
TimeQuest Timing Analyzer Summary
------------------------------------------------------------

Type  : Slow Model Setup 'CLOCK_50'
Slack : -2.037
TNS   : -28.327

Type  : Slow Model Setup 'START'
Slack : 0.308
TNS   : 0.000

Type  : Slow Model Hold 'START'
Slack : -1.825
TNS   : -20.241

Type  : Slow Model Hold 'CLOCK_50'
Slack : 0.391
TNS   : 0.000

Type  : Slow Model Recovery 'CLOCK_50'
Slack : -0.398
TNS   : -1.194

Type  : Slow Model Removal 'CLOCK_50'
Slack : 1.168
TNS   : 0.000

Type  : Slow Model Minimum Pulse Width 'CLOCK_50'
Slack : -1.380
TNS   : -19.380

Type  : Slow Model Minimum Pulse Width 'START'
Slack : -1.222
TNS   : -1.222

Type  : Fast Model Setup 'CLOCK_50'
Slack : -0.832
TNS   : -8.610

Type  : Fast Model Setup 'START'
Slack : 0.491
TNS   : 0.000

Type  : Fast Model Hold 'START'
Slack : -0.804
TNS   : -9.581

Type  : Fast Model Hold 'CLOCK_50'
Slack : 0.215
TNS   : 0.000

Type  : Fast Model Recovery 'CLOCK_50'
Slack : 0.391
TNS   : 0.000

Type  : Fast Model Removal 'CLOCK_50'
Slack : 0.489
TNS   : 0.000

Type  : Fast Model Minimum Pulse Width 'CLOCK_50'
Slack : -1.380
TNS   : -19.380

Type  : Fast Model Minimum Pulse Width 'START'
Slack : -1.222
TNS   : -1.222

------------------------------------------------------------
